>A00778:310:H2YCFDRX2:2:2101:1099:1047_1
CNCCACTCTGTTCGCAGCAGTCTGCGCCCTTACACAAAATGACATCAAAAAAATCGTAGCCTTCTCCACTTCAAGTCAAC
TAGGACTCATAATAGTTACAATCGGCATCAACCAACCACACCTAGCATTCCTGCACAGCTGTACCCACGCC
>A00778:310:H2YCFDRX2:2:2101:1262:1047_1
GNGACCACGGTCACCGTCTCCTCAGCATCCCCGACCAGCCCCAAGGTCTTCCCGCTGAGCCTCGACAGCACCCCCCAAGA
TGGGAACGTGGTCGTCGCATGCCTGGTCCAGGGCTTCTTCCCCCAGGAGCCACTCAGTGTGACCTGGAGCG
>A00778:310:H2YCFDRX2:2:2101:1714:1047_1
TNGCTTTTGGTGTTTTAGTCATGAAGTCCTTGCCCATGCCTGTGTTCTGAATGGTATTGCCTAGGTTCTCTTCAAGGGTT
TTTGTGGTTTAGGTCTAACATTTAAGTCTTTAATCCATCTTGAATTAACTTTTATGTAAGTTGAAGGAAGG
>A00778:310:H2YCFDRX2:2:2101:2003:1047_1
CNGCCCCGCGTCCTCCCTCGGGAGGGCGCGCGGGTCGGGGCGGCGGCGGCGGTGGCGGCGGCGGCGGCGGCGGCGGGAGA
GATCGGAAGAGCACACGTCTGAACTCCAGTCACTACCGCTACTCACCCAATCTCGTGTGGGCGGGGGGGGG
>A00778:310:H2YCFDRX2:2:2101:2094:1047_1
CNCAGCTACTCGGGAGGCTGAGGTGGGAGGATCGCTTGAGCCCAGGAGTTCTGGGCTGTAGTGCGCTATGCCGATCGGGT
GTCCGCACTAAGTTCGGCATCAATATGGTGACCTCCCGGGAGCGGGGGACCACCAGGTTGCCTAAGGAGGG
>A00778:310:H2YCFDRX2:2:2101:2220:1047_1
ANTGCCATTGAATACCCCTAATGAAGCATTTTTAGAATCAAGAACCTGGACAACCATGCCTATAATACTTTGAAACATTT
TTGTCAAAATAAAAATATATGAATATTGACTGGTTGTTTGTAATGTCCGTGGACAAAGTGGGGAAAGAAAA
>A00778:310:H2YCFDRX2:2:2101:2492:1047_1
CNCAACTCCCAGGACAGAGGTGAGCCCTAATAAGGGGGTTTGGGAAATTGGGTCCTGGGAGGATTTGGAATTTGGAGTGG
GGACAAAGATCATTCTTAGATCCATGGTTGCCATTAATGGGTCCCATTATATTGTGTTTAAGCCAGACAGA
>A00778:310:H2YCFDRX2:2:2101:2582:1047_1
CNCCAGATCCTATCCCAAGTCCGCCTTCCTGACGGGGAGGACGTCTGAACCCGCCTGCCACGGAAGCGGCCCGTTCGGTA
GCCTTATTTGGCCAACAAGGCTAGGCGCGAATCCCTCCTGGAAAACTGTCCTGTCGGCTGCTTTCATCCTG
>A00778:310:H2YCFDRX2:2:2101:2727:1047_1
CNACCTAATATTTCAGAATTGCAAGTGGCCATTTAGCCTTTCTGCTGCCTGATATAAATGAAAGTAATTCCTAGCAGGCA
GGATGACACTTGTTTTATCACGAATCTGACAATCCAGCACATTTTCTCAAGCAATTTTGAAGTTGTCGTAG
>A00778:310:H2YCFDRX2:2:2101:2745:1047_1
CNCGCGGAGGCGGAGGCTTGGGTGCGTTCAAGATTCAACTTCACCCGTAACCCACCGCCATGGCCGAGGAAGGCATTGCT
GCTGGAGGTGTAATGGACGTTAATACTGCTTTACAAGAGGTTCTGAAAGATCGGAAGAGCACACGTCTGAA
>A00778:310:H2YCFDRX2:2:2101:2871:1047_1
GNGGCGCGTGCATGTAGTCCCAGCTACTAGGGAGGCTGAGGCTGGAGGATCGCTTGAGTCCAGGAGTTCTGGGCTTTAGT
GAGCTATGCCGATCGGGTGTCCGCACTAAGTTCGGCATCAATATGGTGACCTCCCGGGAGCGGGGGACCAC
>A00778:310:H2YCFDRX2:2:2101:2908:1047_1
GNGATACTTATTCATTTAACATATATTTTAAGGGCCTCCTATATATAATGGCTTTCAGCTAAAAACTGATCGGTGTGAAA
GGTGCAAAATGTGATGTCTATCCAATGGGTTAAGATCTAGCTGTAAAGAATAATACACACCAACAGCCTAA
>A00778:310:H2YCFDRX2:2:2101:3052:1047_1
CNTGGACCCCAGCCCTGAAGCGGCCCCTCCCCAGGCAGGCTGCCTACAGCTGTGCTGGGAGCCATGGCAGCCAGGCCTGC
ACATAAATCAGAAGTGTGAGCTGCGCCACAAGCCGCAGCGTGGAGAAGCCAGCTGGGCACTGGTGGGCCCC
>A00778:310:H2YCFDRX2:2:2101:3070:1047_1
GNCTCCGTAGACCTAACCATCTTCTCCTTACACCTAGCAGGTGTCTCCTCTATCTTAGGGGCCATCAATTTCATCACAAC
AATTATCAATATAAAACCCCCTGCCATAACCCAATACCAAACGCCCCTCTTCGTCTGATCCGTCCTAATCA
>A00778:310:H2YCFDRX2:2:2101:3125:1047_1
GNAAGAGTCGGAGAAGCTGGAAAGTGTGAATGCTGAACTGAAGTCTCAGATTGAGGAGCTCAAGAACTAGAAGCAGCATT
TGATATACATGCTCAACCTTCATCTGCCCACGTGTACTGTCCGGGCTCAGAATGGGAGGACTCCAGAAGAC
>A00778:310:H2YCFDRX2:2:2101:3251:1047_1
CNCCAGGGCTGGACTCTGCTTCCATAAGTTATGGGGGCTTTAAATAAATACAATCCGGAGCTAGGCCCAGCACCCTGCAG
CCCCCACAGGAGGCCCAGTCCTCTCTCTGCTGCCTCCCTCCCTCCTGACTTGACTGCCCCTGACTCTACCC
>A00778:310:H2YCFDRX2:2:2101:3360:1047_1
ANAACATGACACTGGCGGTGGACTGCGTAGGGATATTGAAATTGAGGAATGCTGATGTCGAAGCCAGAATAGGAATTGCT
GGTTCCAAGAAGAAAAGCACTCGTGCCAGATTGGTTTTTCGAGTTAATATCATGAGGAAAGATGGCTCCAC
>A00778:310:H2YCFDRX2:2:2101:3378:1047_1
CNAATGTAGTGTAGCCTAAGTGTACAGTGTTTATGAAGTCTGCAGTAGTGTACGGCAATGTCTCAGGCCTTCACATTCAC
TCACCGCTCACTCACTCACCCACCCAGAACAGCTACCAGTCCTGTAAGCTCCATTCATGGTAAATGCTCAG
>A00778:310:H2YCFDRX2:2:2101:3522:1047_1
TNTTAGTATATTGCCTGTGATGCACATCACATTTTAGTTTAATTATATAACAAAACAGTTTTCTTGTTGTTCTGTTATGG
TGGAGAGTTGTTGTTTGTTTTTTTGTTTTTTTTTTTTTTTTAGAGATAGACACTAGCACTGTCGCCCAGGC
>A00778:310:H2YCFDRX2:2:2101:3613:1047_1
CNTTTCACCGCGAGCCTTCTCAGTTGTCAGGAAACTCCGGTTTCACCATCAGGCCTGGGGGGTGGGGAGGCAAGCGTCAC
ATCCCCCCACGCTGCAGCAGGACTCCGCCTCACCGCGTCCACACACAGCAATGGGGGCCGGGGCCAGGCCA
>A00778:310:H2YCFDRX2:2:2101:3649:1047_1
GNCGTCAGAACACAGGTGTCGTGAAAACTACCCCTAAAAGCCAAAATGGGAAAGGAAAAGACTCATATCAACATTGTCGT
CATTGGACACGTAGATTCGGGCAAGTCCACCACTACTGGCCATCTGATCTATAAATGCGGTGGCATCGACA
>A00778:310:H2YCFDRX2:2:2101:3721:1047_1
ANTACTTATAGTGAACCAGCTCAGAATTCTAAATTGTCTCTAAAACAAACTGCCAAAATCCAGTCTGGACCCCAGATAAC
TCCAGTAATGCCAGAGAATGCAGAGAGACAAACACCAACAGTAGTGGAATCTGCAGAAACAAATAAGACTC
>A00778:310:H2YCFDRX2:2:2101:3739:1047_1
CNGGAGTTCGAGGTTGCAGTGTGCTATGATCATGCCTGTGAATGGCCTCTGCTCTCCATCTGGGGCAACATAGGGAGACT
CCATCTCTTAAAAAAGAAAAACAGATACAAATTAATGGTTTAATTTCCAGGATATCCTGGTGATCGAAATG
>A00778:310:H2YCFDRX2:2:2101:3902:1047_1
CNACCTTGGAGCCCCGTGGAGCTGGACTGAGGAGGAGGCTGCACAGCGGGAGAGCAGCTGGTCCAGACCAGCCCTGCAGC
CCCCACTCAGCCGGCAGCCAGATGGCCCCGCAAGGCCTCCAGGGATGGCCCCTAGCCACAGGCCCTGGCTG
>A00778:310:H2YCFDRX2:2:2101:3974:1047_1
TNGCTGTGGTCATCCGTTTGCAAGGTCTCCCAATTGTGGCGGGGACCATGGACATTCGCCACTTCTTCTCTGGATTGACC
ATTCCTGATGGGGGCGTGCATATTGTAGGGGGTGAACTGGGTGAGGCTTTCATCGTTTTTGCCACTGATGA
>A00778:310:H2YCFDRX2:2:2101:3992:1047_1
ANAAGATGAAGGCAATAACCACATGAAAGAAGAAAATTATGCTGCTGCAGTGGATTGTTACACACAGGCAATAGAATTGG
ATCCCAATAATGCAGTTTACTATTGCAATAGGGCTGCTGCTCAGAGCAAATTAGGTCACTACACAGATGCG
>A00778:310:H2YCFDRX2:2:2101:4191:1047_1
GNGGCTGCTGGGCTCCGCGCCGGGGTCCGAGTCCCACGAAGCCCCGGCCCGAGCCGCCGGATGCCCGCGCGCAGCGGATG
CCCAGTTTTGCCGACGGATGGGGCAAAAGAAGCAGCGACCAGCTAGAGCAGGGCAGCCACACAGCTCGTCC
>A00778:310:H2YCFDRX2:2:2101:4209:1047_1
GNTTCAGTCTCATCTGCCTCCACTCGGCCTCAGTTCCTCATCACTGTTCCTGTGCTCACAGTCATCAATTATAGACCCCA
CAACATGCGCCCTGAAGACAGAATGTTCCATATCAGAGCTGTGATCTTGAGAGCCCTCTCCTTGGCTTTCC
>A00778:310:H2YCFDRX2:2:2101:4300:1047_1
ANAATTACCCCCATACTCCTTACACTATTCCTCATCACCCAACTAAAAATATTAAACACAAACTACCACCTACCTCCCTC
ACCAAAGCCCATAAAAATAAAAAATTATAACAAACCCTGAGAACCAAAATGAACGAAAATCAGTTCGCTTC
>A00778:310:H2YCFDRX2:2:2101:4354:1047_1
GNCCTCAAGACTCTGGTGTTCAAAGCTTACAGGTGTTTTTTCATTGCTCTGTCCTATGTGCTGGTGAAGAAGTGGAGCGA
AGCCCTTGTCCTGTATGACAGAGTCCTGAAATATGCAAATGAAGTAAATTCTGATGCTGGCGCCTTCAAGA
>A00778:310:H2YCFDRX2:2:2101:4463:1047_1
TNCTAGGCTACACACTGAGGACTCTGTTCCTCCCCTTTCCGCCTAGGGGAAAGTCCCCGGACCTCGGGCAGAGAGTGCCA
CGTGCATACGCACGTAGACATTCCCCGCTTCCCACTCCAAAGTCCGCCAAGAAGCGTATCCCGCTGAGCGG
>A00778:310:H2YCFDRX2:2:2101:4824:1047_1
ANAAAGTTCATCGTCATTTGAACAGCTTTCTGTTCCAACTTTTAAGGTTATCAAGCAGGGGCTCACAGCTAATTCTTTGC
TAGACAGAGGCATGCAACTTTCAGGATCAACTTCAAATACGCCGTATACTCCATTGGAAAAAAAACTCGCT
>A00778:310:H2YCFDRX2:2:2101:4842:1047_1
CNGAGATCGCGCCACTGCACTCCAGCCTGGGCGACAGAGCGAGACTCTGTCTCAAAAAAAAAAAGAGAGAAGCTCAGAGC
CTGGCAGATTTGTCCCCACTCAGTCCAGTGTGTTGACCCCCAAAGGCTGAGGGGCTGACTGGGGCTGCTCC
>A00778:310:H2YCFDRX2:2:2101:4860:1047_1
CNAGCAAGTACTGTGTGACTATCATTGATGCCCCAGGACACAGAGACTTTATCAAAAACATGATCACAGGGACATCTCAG
GCTGACTGTGCTGTCCTGATTGTTGCTGCTGGTGTTGGTGAATTTGAAGCTGGTATCTCCAAGAATGGGCA
>A00778:310:H2YCFDRX2:2:2101:4878:1047_1
TNAGTCCAGGAGTTCTGGGCTGTAGTGCGCTATGCCGATCGGGTGTCCGCACTAAGTTCGGCATCAATATGGTGACCTCC
CGGGAGCGGGGGACCACCAGGTTGCCTAAGGAGGTAGATCGGAAGAGCACACGTCTGAACTCCAGTCACTA
>A00778:310:H2YCFDRX2:2:2101:5041:1047_1
CNCCAGGCTCAGCAGGGAGCTGCTGGAGGTAGTAGAGCCTGAAGTCTTGTAGGACTCACTGGATAGATGTTATTCAACTC
CTTCCAGTTGTCTTGAACAGCCTGACTCCTGCCAGCCCTATGGAAGTTCCTTTTATGCATTGGAGGAAAAG
>A00778:310:H2YCFDRX2:2:2101:5132:1047_1
CNGGCCGTGGGCTCGTTGATGATCCGCAGCACGTTGAGCCCCGCGATCACACCCGCATCCTTGGTGGCCTGGCGCTGCGA
GTCGTTGAAGTAGGCCGGCACGGTGATCACCGCGTTGGTCACCGGGTAGCCCAGGTACGCCTCGGCGATCT
>A00778:310:H2YCFDRX2:2:2101:5150:1047_1
CNGTGAGGCTGGACCAGTTATGTCAAATCTGTCCTCCCCCAGAGCTCAGTCCCTCTGCCCTTGGGTGTCCTTGGCACAAG
GCAGGCTAGGCTGCACCAGCTTCCTCCATCTCCGTCCTGCCTCCCCCATCCCCAGGTGCCATTCCCACACC
>A00778:310:H2YCFDRX2:2:2101:5475:1047_1
TNATAAACACCCTCACCACTACAATCTTCCTAGGAACAACATATGACGCACTCTCCCCTGAACTCTACACAACATATTTT
GTCACCAAGACCCTACTTCTAACCTCCCTGTTCTTATGAATTCGAACAGCATACCCCCGATTCCGCTACGA
>A00778:310:H2YCFDRX2:2:2101:5801:1047_1
ANCTTCTACCTCTTCGAGCCGCTGTGGCACATCGAGCGCACAGTGTCCTTCGAGCCGGGGGGCGCCAACGCCGCGGGCTC
GGCCCTGGTGTACCGCGACGTGCTCAAGCAGCTCTTCCTGTGCGACCTGTACGTGCTGGAGCACTTCATCA
>A00778:310:H2YCFDRX2:2:2101:6253:1047_1
CNCTGAACGGCGGAGCGGGAGCGGCCGGAGGAGCCATGGACTGCAGCCTCGTGCGGACGCTCGTGCACAGATACGTGAGT
GCTCCCGGCGCGGGCTGGGGGACCCGGGGACCAGACAGACGCGGGCCGGCCCCGCAGCAGATCGGAAGAGC
>A00778:310:H2YCFDRX2:2:2101:6289:1047_1
ANTGGGATTTCCCATGCGGGGAAGAGGTGGTTTTGACAGAATGCCTCCTGGTCGGGGTGGGCGTCCCATGCCTCCATCTA
GAAGAGATTATGATGATATGAGCCCTCGTCGAGGACCACCTCCCCCTCCTCCCGGACGAGGCGGCCGGGGT
>A00778:310:H2YCFDRX2:2:2101:6325:1047_1
TNGAGAAGTCCCCCCTGCGGGTGAAGAACTTCGGGATCTGGCTGCGCTATGACTCCCGGAGCGGCACCCACAACATGTAC
CGGGAATACCGGGACCTGACCACCGCAGGCGCTGTCACCCAGTGCTACCGAGACATGGGTGCCCGGCACCG
>A00778:310:H2YCFDRX2:2:2101:6397:1047_1
ANTGCTCAGAGACAAAAAACAGCTGGCAAAATCTTCAGAGCCGAGGCGTCCACTGGGCAGGATGCCCCGAGGCAGGCCCA
GGCGAGGAGCTGGGCATCACAGGGAAAGGCCGCCTCTGCAGAGGGGGATGAGAGCGAGGTCTCGGAGCATC
>A00778:310:H2YCFDRX2:2:2101:6741:1047_1
GNGGTGTAGAATAAGTGGGAGGCCCCCGGCGCCCCCCCGGTGTCCCCGCGAGGGGCCCGGGGCGGGGTCCGCCCGCCCCC
CGGGCCGCCCGGGGAATAACACAAAACAGATAGTTTTTTAAAAGAAACCGCGAAAGGAAGATCACCCAACA
>A00778:310:H2YCFDRX2:2:2101:6759:1047_1
TNTACGGACTCCACTTATGACTCCCTAAAGCCCATGTCGAAGCCCCCATCGCTGGGTCAATAGTACTTGCCGCAGTACTC
TTAAAACTAGGCGGCTATGGTATAATACGCCTCACACTCATTCTCAACCCCCTGACAAAACACATAGCCTA
>A00778:310:H2YCFDRX2:2:2101:7446:1047_1
CNGCCAGATCCGTGCCTCCCAGCATGGTTCAGATGTTGTGATTGAGACGGACTTCGGCCTGCGTGTGGCCTACGACCTTG
TGTACTATGTGCGGGTCACCGTCCCTGGAAACTACTACCAGCTGATGTGTGGCCTGTGTGGGAATTACAAC
>A00778:310:H2YCFDRX2:2:2101:7735:1047_1
GNATGGCCCACCATAATTACCCCCATACTCCTTACACTATTCCTCATCACCCAACTAAAAATATTAAACACAAACTACCA
CCTACCTCCCTCACCAAAGCCCATAAAAATAAAAAATTATAACAAACCCTGAGAACCAAAATGAACGAAAA
>A00778:310:H2YCFDRX2:2:2101:7771:1047_1
CNCTTCCCGGGCCTGCCGCGGCCCTTCCCCGAGGCGTCCGTCCCGGGCGTCGGCGTCGGGGAGAGCCCGTCCTCCCCGCG
TGGCGTCGCCCCGTTCGGCGCGCGCGTGCGCCCGAGCGCGGCCCGGTGGTCCCTCCCGGACAGGCGTTCGT
>A00778:310:H2YCFDRX2:2:2101:7826:1047_1
GNTCGGCCGTGCCCTCTGAGTGCCTGGACGCCATGGAGGAGCCCGACCATGGTGCCCTGCTGCTGCTCCCAGGCAGGCCT
CACCCCCATGGCCAGTCTGTCATCACGGTGATCGGGGGCGAGGAGCACTTTGAGGACTACGGTGAAGGCAG
>A00778:310:H2YCFDRX2:2:2101:7880:1047_1
GNTGGCGCGTGCCTGTAGTCCCAGCTACTCGGGAGGCTGAGGCTGGAGGATCGCTTGAGTCCAGGAGTTCTGGGCTGTAG
TGCGCTATGCCGATCGGGTGTCCGCACTAAGTTCGGCATCAATATGGTGACCTCCCGGGAGCGGGGGACCA
>A00778:310:H2YCFDRX2:2:2101:8115:1047_1
CNGAGTTCAACAATACAGATCAGATTGACCTGCATGATGATGTGCTGACAGCCACCTCACAGCCCTCAGATGACAGAAGC
AGCGGCACTGAACCACCTCCTCCTGTTCGCCAGGAGCCATCTCCCAAGCCCAACAACAAGACCCCTGCAAT
>A00778:310:H2YCFDRX2:2:2101:8386:1047_1
GNCGCCGCCGCTCAACGGGCAGCTGTGCGCCAAGCAGGCGCTCGCCAGCCTCGGCGCCTGGACACGAGCCATTGTCGCCT
TCTAGGGACCCCCGAGGGCACAGGGACCCGGGGCCCCGCGGGGCTGGGGCCAGACAAAGACTCGGCAAAGG
>A00778:310:H2YCFDRX2:2:2101:8784:1047_1
CNGGCTGCGACATCTGTCACCCCATTGATCGCCAGGGTTGATTCGGCTGATCTGGCTGGCTAGGCGGGTGTCCCCTTCCT
CCCTCACCGCTCCATGTGCGTCCCTCCCGAAGCTGCGCGCTCGGTCGAAGAGGACGACCATCCCCGATACA
>A00778:310:H2YCFDRX2:2:2101:8892:1047_1
GNCCGCACTAAGTTCGGCATCAATATGGTGACCTCCCGGGAGCGGGGGACCACCAGGTTGCCTAAGGAGGGGTGAACCGG
CCCAGGTCGGAAACGGAGCAGGTCAAAACTCCCGTGCTGATCAGTAGTGGGATCGCGCCTGTGAATAGCCA
>A00778:310:H2YCFDRX2:2:2101:9127:1047_1
CNACGTGGCGTTTTCTTCGGTTTCACTTCCGGTGGGAAGGATACGAGCAAGATAAAGCAGCGAGGGATTTAAGTCTGGCA
ACAGTTGGACTGCTGGATTTTCAGAGAAGTGTTCCCCAAAGCAAATTATAGTGCTAATTTCCAATGTTACA
>A00778:310:H2YCFDRX2:2:2101:9489:1047_1
ANTGCATTTACAAGGTTTGTCTATTTTCAGTTCTTTACTTTTTACATGCTGACACATACATACACTGCCTAAATAGATCT
CTTTCAGAAACAATCCTCAGATAACGCATAGCAAAATGGAGATGGAGACATGATTTCTCATGCAACAGCTT
>A00778:310:H2YCFDRX2:2:2101:9706:1047_1
CNCATCAGTGCAACGAAGGCTGCAGCTGGCAAAGTTGGAGATGACCCTGCTGTGTGGCAGCTAAAGAACTCTGCCAAGGT
TGGAGAGAATGAGAGCAACATCAGGAGGGGCACTGGATTAACATACTTCCTCCTGTTCCTTAAAATCATTC
>A00778:310:H2YCFDRX2:2:2101:10013:1047_1
GNCGGTGGTGCGCCCTCGGCGGACTGGAGAGGCCTCGGGATCCCACCTCGGCCGGCGAGCGCGCCGGCCTTCACCTTCAT
TGCGCCACGGCGGCGTTCGTGCGAGCCCCCGACTCGCGCACGTAGATCTGAAGAGCACACGTCTGAACTCC
>A00778:310:H2YCFDRX2:2:2101:10176:1047_1
TNACTTGCTAAAATTTACACTGCCTACGAAAGCTGACCTGGAATGTGAACCAGAAATTGTCCTTAACCAAATCACCTCAC
TGTCTCTCAAGGTAAAACCAAGTAAGGAGGCAGATTCTCTGCATTAAACCCCAAAATAGATCGGAAGAGCA
>A00778:310:H2YCFDRX2:2:2101:10429:1047_1
TNTTTTTTTTGAGGAACTGCCAAACTGTTCTCCATAGTGGTTGTACTAATATACATTCTCACCAACAGTGTTCAATGGTT
CCCTTTTCTCCACATCCTTGCCAGCGTTTGTTACTGCCTTTTAGATATAAGAGAATATAACTGCAGTGAGG
>A00778:310:H2YCFDRX2:2:2101:10556:1047_1
CNGAATTAATACCAATAGAAGGGCAATGCTTTTAGATTAAAATGAAGGTGACTTAAACAGCTTAAAGTTTAGTTTAAAAG
TTGTAGGTGATTAAAATAATTTGAAGGCGATCTTTTAAAAAGAGATTAAACCGAAGGTGATTAAAAGACCT
>A00778:310:H2YCFDRX2:2:2101:10592:1047_1
GNAGTTAGCCCTTCTGGTGTAGGGTTTGTTGATTTCGATACACCAGATTATACTCGTCCCAAGGAAGAGTTTGTACCTTC
AAACCATTTTATGCCAATTCATGAATTCTCAGAAAATGTAGATAGCCTTACAATCTTTAAGTCCATTAAAA
>A00778:310:H2YCFDRX2:2:2101:10700:1047_1
TNCTAGGTAGGAGTGGAGGGAGATATGTTTACCAAATGCCTGTCCTGCCATCCTCCCAGGTAGTCAGAGTGAGCTACATC
CTGCCCCGCCTTCATTTCCATGGAAACATGGCAGCTAGGACACGGGGTACAACAGCAGCCAAATTCTTCCC
>A00778:310:H2YCFDRX2:2:2101:10990:1047_1
GNCCAGGCGGAGCCGACGCTCGCGCAAACCCCCCGAGAGGGCAGCACGACGGGCCGGCGGGACGGCCCCCCCACCGCCGC
GGCGGGGGGCCGCCCGCAAGTCGCCAACCACAGGAGGCGACAGCGAGGGCTGTCTGCCGCCGGAGAGGACC
>A00778:310:H2YCFDRX2:2:2101:11171:1047_1
CNGCGGAAGTGGAGTGCGGGGAGTGCGCCGGAAGAGGGGTACGGAAGTGCGCCGGAAGTGGGGTGCGGAGGTGTGCAGCG
CGCTGTCAGACTGGCTCGCAGGCGGCGCGGCCGGCGGACCCGTTCGAGACAGCGCGGGCGGCTCGGGTCCC
>A00778:310:H2YCFDRX2:2:2101:11297:1047_1
ANATGCTTGTAGTCCCAGCTACTCGGGAGGCTGAGGCTGGAGGATCGCTTGAGTCCAGGAGTTCTGGGCTGTAGTGCGCT
ATGCCGATCGGGTGTCCGCACTAAGTTCGGCATCAATATGGTGACCTCCCGGGAGCGGGGGACCACCAGGT
>A00778:310:H2YCFDRX2:2:2101:11315:1047_1
ANAGAATCTACCCAGTGACCGAAATCCAGGAGGCCCATAAGTACATGGAGGCCAACAAGAACATAGGCAAGATCGTCCTG
GAACTGCCCCAGTGAAGGAGGATGGGGCAGGACAGGACGCGGCCACCCCAGGCCTTTCCAGAGCAAACCTG
>A00778:310:H2YCFDRX2:2:2101:11442:1047_1
GNTGAGGCTGGAGGATCGCTTGAGTCCAGGAGTTCTGGGCTGTAGTGCGCTATGCCGATCGGGTGTCCGCACTAAGTTCG
GCATCAATATGGTGACCTCCCGGGAGCGGGGGACCACCAGGTTGCCTAAGGAGGGGTGAACCGGCCCAGGT
>A00778:310:H2YCFDRX2:2:2101:11550:1047_1
TNTATATATATGTACAGTTATCTAAGTTAATTTAAAGTTGTTTGTGCCTTTTTATTTTTGTTTTTAATTCTTTTATATTT
CAATGTTATCCTCAATTTCTGAACACCATAGGTAGAATGTAAATCTTGTCTGATCTTTAAAAGCATGAAAT
>A00778:310:H2YCFDRX2:2:2101:11840:1047_1
GNTGTTACTGTACCAGCCTATTTTAATGATGCCCAACGCCAAGCAACCAAAGACGCTGGAACTATTGCTGGCCTAAATGT
TATGAGGATCATCAACGAGCCTACGGCAGCTGCTATTGCTTATGGCCTGGATAAGAGGGAGGGGGAGAAGA
>A00778:310:H2YCFDRX2:2:2101:12038:1047_1
GNAAAAGCTTCAAACTGGATTATAGACTAGAAGAAGATGTAACTAAATCCAAGAAAGGAAAAGATGGGAGATTTGTGAAT
CCGTGGCCAACATGGAAAAACCCCTCTATTCCAAATGTTCTCAGATGGCTGATAATGGAGAAAGATCACAG
>A00778:310:H2YCFDRX2:2:2101:12635:1047_1
GNAAAACTTCGTCAAAAAAAAAAAAAAAAAGGAGAAGAAAATTAAGAAGAGAAGGATGAGAGAATTACCAAGGCAGCAGT
GAAGACTTACGTGCTGTTGTATGATACAAATGTCCAGGGGCTAGCATGGAACAATGTTGGCTGACTGCGCC
>A00778:310:H2YCFDRX2:2:2101:12979:1047_1
ANGTGGACCCTTTGAACGCAGTCGCCCTACAGCCGCTGATTCCCCCCGCATCGCCTCCCGTGGAAGCCCAGGCCCGCTTC
GCAGCTTTCTCCCTTTGTCTCATAACCATGTCCACCAACGAGAGATCGGAAGAGCACACGTCTGAACTCCA
>A00778:310:H2YCFDRX2:2:2101:13051:1047_1
CNTAGAGTCACGTTTTCCAGTTCCCTTCGCAAACTATATTTCTTGGACCGCGAAAGGAAGCTTTACCTATTTCATAGAAG
ACCTGGAATCCATAACCTCAGAAGGCAATATTATTGATAGAAAATGTGGAAGGATCAGGAAGTTCTTAGAT
>A00778:310:H2YCFDRX2:2:2101:13069:1047_1
GNTTTATTTCTGGGTTCTTTATTTTGTTCCTTTAGTCTATGTGTCTGTTCTTTGGTGGTACCATGCTGTTTTGGTTACTA
CAGCTTTGTAGTATATTTTGGAGACAGACAGTATGATACCTCTAGCCATGTTCTTTTTGCTGCAGATTGCT
>A00778:310:H2YCFDRX2:2:2101:13214:1047_1
ANGCCAGTAACAGCAGGGCCGACTGCTCCTGGACTCCACTCAACACCCAAATGAGCAAACAGGTTGACTGCTCACCCGCC
GGAGTAAAGGCTTTGGACTCTCGGCAAGGTGTTGGAGAGAAGAATACTTTCATTTTGGCAACTCTGGGAAC
>A00778:310:H2YCFDRX2:2:2101:13286:1047_1
GNCCCCCCTCCGCGGCGGTGGGGGTGCCGTCCCGCCGGCCCGTCGTGCTGCCCTCTCGGGGGGTTTGCGCAAGCGTCGGC
TCCGCCTGGGCCCTTGCGGTGCTCCTGGAGCGCTCCGGGTTGTCCCTCAGGTGCCCGAGGCCGAACGGTGG
>A00778:310:H2YCFDRX2:2:2101:13539:1047_1
GNCTGGCGGCTTGAAGAATTTGGACGATTTGCCAGCTTTGAGGCTCAAGGTGCATTGGCCAACATAGCTGTGGACAAAGC
CAACCTGGAAATCATGACAAAGCGCTCCAACTATACTCCGATCACCAATGTACCTCCAGAGGTAACTGTGC
>A00778:310:H2YCFDRX2:2:2101:13847:1047_1
CNCTTTAGTTGAACCCAGGTACCTTTCTCTTTGGCTTCTTTCTTTTTCTGATCATTTTCCTTCACACGTTTCAGGAAGCT
ATCTCTGCTCTTAGAGTGCTTAATGTGCTCAATACGCACATTAATCCTCTTGGCAAGAATCTTTCCCTTAA
>A00778:310:H2YCFDRX2:2:2101:14082:1047_1
GNGAAGGCGTGGGGTGCGGACCCCGGCCCGACCTCGCCGTCCCGCCCGCCGCCTTCTGCGTCGCGGGTGCGGGCCGGCGG
GGTCCTCTGACGCGGCAGACAGCCCTCGCCGTCGCCTCCAGTGGTTGTCGACTTGCGGGCGGCCCCCCTCC
>A00778:310:H2YCFDRX2:2:2101:14172:1047_1
GNAATTGGTTCCTCGACTCAGGTAGCTGCTTAAGCAGCAAGGGAGGAGCCAGCTATTCCTGCAAAGCAAAACCAAAAACA
AACAAAAAACCTAAAACTGATCAGGATAGATCGGAAGAGCACACGTCTGAACTCCAGTCACTACCGCTACA
>A00778:310:H2YCFDRX2:2:2101:14262:1047_1
GNGAGGGTAAGTAGATCCCAGAGGTCACAGTTGGTGCTGCGTGTTCTCCCTCTCTGGAATGTTTCCTAGTACCATCACTT
CTGCTCACCAAAGCTAGTCTTAAACAGAAATTCAAAACCTGAGATCCTAAGAAAGTAGAATTAGCCAAAAA
>A00778:310:H2YCFDRX2:2:2101:14335:1047_1
GNTAGACAAAAAATATAAAGCAATAAATCAAAACATACTACCAGAGAAAATCACTTTCACAAAAAGGAAGACAGGAAGGA
AGGAAGGAAAAGACCAAAAAACAACCAGAAAGCAAATAACAAGGTGACAGTAGTAAGTCCTTATTAATAAT
>A00778:310:H2YCFDRX2:2:2101:14443:1047_1
CNCAGGAGTTCTGGGCTGTAGTGCGCTATGCCGATCGGGTGTCCGCACTAAGTTCGGCATCAATATGGTGACCTCCCGGG
AGCGGGGGACCACCAGGTTGCCTAAGGAGGGGTGAGATCGGAAGAGCACACGTCTGAACTCCAGTCACTAC
>A00778:310:H2YCFDRX2:2:2101:14461:1047_1
ANGCTATCGGGGACGACGTGGGCACGCTGGGCTTCTCGGTGGAAGGGCCATCGCAGGCTAAGATCGAATGTGACGACAAG
GGCGACGGTTCCTGTGATGTGCGCTACTGGCCGCAGGAGGCTGGCGAGTATGCCGTTCACGTGCTGTGCAA
>A00778:310:H2YCFDRX2:2:2101:14588:1047_1
CNAGACTGAGCCGGCGGCCGCGGCGCAGCGAACGAGCAGTGACCGTGCTCCTACCCAGCTCTGCTTCACAGCGCCCACCT
GTCTCCGCCCCTCGGCCCCTCGCCCGGCTTTGCCTTACCGCCACGATGATGTTCTCGGGCTTCAACGCAGA
>A00778:310:H2YCFDRX2:2:2101:14624:1047_1
CNCTGGAGCGTCGGGCCCATACCCGGCCGTCGCCGGCAGTCGAGAGTGGACGGGAGCGGCGGGGGCGGCGCGCGCGCGCG
CGCGGGGGGTGTTGGGCGGAGGGCGGCGGCGGCGGCGGGGGGGGGGGGGGGTGGGGTGGTTTGGCCCCCCC
>A00778:310:H2YCFDRX2:2:2101:14751:1047_1
TNTTGCCCAGCCTGGTCTCGAACCCCTGACCTCAGGTGATCCACTGCCTCAGCCTCCCAAACTGCTGGGATTACAGGCGC
CTGGACCTCTTGCATGTTTTTATTTTTGTTTTATACTTGCCACTACACTTTAACTTCTGTGAAAACAGGGA
>A00778:310:H2YCFDRX2:2:2101:15185:1047_1
GNGGTGGCGCGTGCCTGTAGTCCCAGCTACTCGGGAGGCTGAGGTGGGAGGATCGCTTGAGCCCAGGAGTTCTGGGCTGT
AGTGCGCTATGCCGATCGGGTGTCCGCACTAAGTTCGGCATCAATATGGTGACCTCCCGGGAGCGGGGGAC
>A00778:310:H2YCFDRX2:2:2101:15275:1047_1
ANTTTCTGGAGGAATGCAGTGTCGAACTGATTGACAACAACAAGAATCAAAACAAGGTCAGATACCAAAAAATAAAAATA
AAAAATTATTTGACTGAAAAATAGAAGAATGGGTCTGATCCAAACATTCATTTATGAGCTGGTTGTTTGAA
>A00778:310:H2YCFDRX2:2:2101:15510:1047_1
GNTGTTGCACACCCGTAATCCCAGCTACTTGGGAGGCTGAGGCACAAGAATTGCTTGAGCCTAGGAGGCAGAGGTTTCAG
TGAGCTAGGATTGCCCCCCAAAAAAGAGAAACACAAGCAAAGAGAACACAGAATCAGCAACCGTCCAGGGA
>A00778:310:H2YCFDRX2:2:2101:15727:1047_1
GNGCATTCGTATTGCGCCGCTAGAGGTGAAATTCTTGGACCGGCGCAAGACGGACCAGAGCGAAAGCATTTGCCAAGAAT
GTTTTCATTAATCAAGAACGGTAGATCGGAAGAGCACACGTCTGAACTCCAGTCACTACCGCTATTACCCC
>A00778:310:H2YCFDRX2:2:2101:15817:1047_1
GNCGGAGCCCCGGGTCCCCACGACCTGAGCCGGCTCTCCCATCAGCGGCCTGAGGACCTGGCGTGCGCCACCTCCCTCCC
CCAGAGGCTGGAGCGTGGACGCGGTGGGGGAGGGTGGGGGGGGGGATCGGAAGAGCACACGTCTGAACTCC
>A00778:310:H2YCFDRX2:2:2101:15872:1047_1
ANGAGGTGACCAAGCTGATTGACAACAACAAGACTGAGAAAGAAATACTCGACGCTTTTGACAAAATGTGCTCGAAGCTG
CCGAAGTCCCTGTCGGAAGAGTGCCAGGAGGTGGTGGACACGTACGGCAGCTCCATCCTGTCCATCCTGCT
>A00778:310:H2YCFDRX2:2:2101:15980:1047_1
CNGACCTCCAAAATTTAAAAAGAAAAAAAAAGTGCAGGGCAAGCCTAAGATCAGCTACTAGGCTGACATTAAATAAGCAT
TTTCCACTTGTCATTATCTTAGGGGAATTGGGAAGCTGCCTCTAGCACTTAAAATACAAGCCACTTCCCTC
>A00778:310:H2YCFDRX2:2:2101:16251:1047_1
TNTTTTTTTTGAAGACGTCATACAGGAAACCCAATAAATAAAAGACATGAATGTGGAGGTGTTTCTATTGGAGAGAATGT
GTGCCTCTTTTCTCCTCCTTCATGACAGGGATGGATATGGCACTACGGATGCACAAAGAACATCCAGAGTA
>A00778:310:H2YCFDRX2:2:2101:16269:1047_1
ANGCTGCAAATGCAACCGCTGCCAGTGCTTGGACGGCTACTATGGTGCTCTATGCGACCAATGCCCAGGCTGCAAGACAC
CATGCGAGAGACACCGGGACTGTGCAGAGTGTGGGGCCTTCAGGACTGGCCCACTGGCCACCAACTGCAGT
>A00778:310:H2YCFDRX2:2:2101:16342:1047_1
GNTACCTTAAGAGAGTCATAGTTACTCCCGCCGTTTACCCGCGCTTCATTGAATTTCTTCACTTTGACATTCAGAGCACA
GGGCAGAAATCGCATCGCGTCAACACCCGCCGCGGGCCTTCGCGATGCTTTGTTTTAATTAAACAGTCGGA
>A00778:310:H2YCFDRX2:2:2101:16468:1047_1
TNCCAAAATACCAGAGCCTTCAAGTGCCAAACAGAGTATGTCCGATGGTATCTGGGTAAGAAGAAAGCAAAAGCAAGGGA
CCTTCATGCCCTTCTGATTCCCCTCCACCAAACCCCACTTCCCCTCATAAGTTTGTTTAAACACTTATCTT
>A00778:310:H2YCFDRX2:2:2101:16703:1047_1
CNCCATACTCCTTACACTATTCCTCATCACCCAACTAAAAATATTAAACACAAACTACCACCTACCTCCCTCACCAAAGC
CCATAAAAATAAAAAAATTATAACAAACCCTGAGAACCAAAATGAACGAAAATCTGTTCGCTTCATTCAAT
>A00778:310:H2YCFDRX2:2:2101:16721:1047_1
CNTGGCCTCCTGAGCCGGTTCCCCGCCGCGTGCCGGGGAATGCACCACCCGGGAGGAGAACCCCGCGGCTCCGGCACGAG
GGTGTGCCCCGACACTGTCTTCCACTCAAGAGCTCTGCGACTCTCCTGCCACCTGCCAACCCCGACCACCT
>A00778:310:H2YCFDRX2:2:2101:16848:1047_1
CNTGGCGACCCGCTGAATTTAAGCATATTAGTCAGCGGAGGAGAAGAAACTAACCAGGATTCCCTCAGTAACGGCGAGTG
AACAGGGAAGAGCCCAGCGCCGAATCCCCGCCCCGCGGCGGGGCGCGGGACATGTGGCGTACGGAAGACCC
>A00778:310:H2YCFDRX2:2:2101:17155:1047_1
GNAGTAGTGGAGCCACAGCAACAGCTGTGTCAGAAGATGAAGCACATGCAAGTTAATGGCATGTTTGAAAATTGGAACTC
TAACCAATTCGTGCCTTTCAATTGTCCACAGCAAGACCCACAACAATATAATGTCTTTACAGACTTACATG
>A00778:310:H2YCFDRX2:2:2101:17300:1047_1
GNTGCGGACCCCGGCCCGACCTCGCCGTCCCGCCCGCCGCCTTCTGCGTCGCGGGTGCGGGCCGGCGGGGTCCTCTGACG
CGGCAGACAGCCCTCGCTGTCGCCTCCAGTGGTTGTCGACTTGCGGGCGGCCCCCCTCCGCGGCGGTGGGG
>A00778:310:H2YCFDRX2:2:2101:17427:1047_1
GNAAATGGGGATGAGGGTGTAAATTGTATTGAAAAAGATCGCGAATAAAAATCAACAAATGTGAAAGCCCAGAAAAATAT
ATTCGTATTTCTGGTTTTGCTGGATTTTTACATTTTTATATAATAAAAATGTTATTTTGAAATAAAGATTA
>A00778:310:H2YCFDRX2:2:2101:17499:1047_1
CNGAGCCACCTCCCGTTTACACCAACCTCAGCAGCTACTCCCCAGCCTCTGCGTCCTCGGGAGGCGCCGGGGCTGCCGTC
GGGACCGGGAGCTCGTACCCGACGACCACCATCAGCTACCTCCCACACGCGCCGCCCTTCGCCGGTGGCCA
>A00778:310:H2YCFDRX2:2:2101:17571:1047_1
GNTCTCTTGGCAGCCTTCCTGATTTCTGCAGCTCTGTGTGAAGGTGCAGTTTTGCCAAGGAGTGCTAAAGAACTTAGATG
TCAGTGCATAAAGACAGACTCCAAACCTTTCCACCCCAAATTTATCAAAGAACTGAGAGTGATTGAGAGTG
>A00778:310:H2YCFDRX2:2:2101:17589:1047_1
ANCCTACTGAACCCGGCAGCGACGGCACCATGTCAGACAAGGAAATTACTCATGATGTCAAAGCTGTCTGCTCCCAGGAG
GCGATGACGGGGCCCTGCCGGGCCGTGATGCCTCGTTGGTACTTCGACCTCTCCAAGGGAAAGTGCGTGCG
>A00778:310:H2YCFDRX2:2:2101:17607:1047_1
TNACTAGACAGCATGCTCGGCTGGAAGGACCAAAGTCAGAGAAGGAAAAATGAATAAGAAAATGAGCAGTCAGAGGCAGC
TAGGGTGACGGACAGACAGCATGAAGCGCAGCAGAATGAATAGCCAGAAGACTCGGACAGGCAGAGCCGAA
>A00778:310:H2YCFDRX2:2:2101:17716:1047_1
ANTTTTGCCAGGCTTACAGAACACCCACTGCCTAGAGGCCATCTTAAAGGAAGCAGGGGCTGGATGCCTTTCATCCCAAC
TATTCTCTGTGGTATGAAAAAGAAAAAAAAAAAAAAAGAAGGAGTCGGGGCCGGGCGTGGTGGCTCACGCC
>A00778:310:H2YCFDRX2:2:2101:17770:1047_1
ANTGCACTCCCACCAGCAAAGTGAGATGCCTCTGGGTGCTGGGTATCCTGGTGAACACTTGGTATTCTCAGTTGCTCAGC
TGGTGGTGGGTGCGTGACTGTATCACTGCTTTGTAGATTTGAGGCTGCTGGGGATAGCATTCGACATCCAA
>A00778:310:H2YCFDRX2:2:2101:17933:1047_1
GNAGAAGACGGAGTGCCTGCAGAAAGAGTCGGAGAAGCTGGAAAGTGTGAATGCTGAACTGAAGGCTCAGATTGAGGAGC
TCAAGAACGAGAAGCAGCATTTGATATACATGCTCAACCTTCATCGGCCCACGTGTATTGTCCGGGCTCAG
>A00778:310:H2YCFDRX2:2:2101:18168:1047_1
ANCGAGTGGGGATGAAGTGCACACACCTTCAAATGACCAGACCTCATGTGAACTCAAGAGTAAGAACTCACTTATCACCA
AGGGGATGGCCCAGTCCATTCAGGAGGCGTCTGCCCCCATGATCCAAACACCTCCCACCAGGTTCCTCCTC
>A00778:310:H2YCFDRX2:2:2101:18222:1047_1
GNACGGGGGGGCCTGGTGGGGTTGCGCGCACGCGCGCACCGGCCGGGCCCCCGCCCTGAACGCGAACGCTCGAGGTGGCC
GCGCGCAGGTGTTTCCTCGTACCGCAGGGCCCCCTCCCTTCCCCAGGCGTCCCTCGGCGCCTCTGCGGGCC
>A00778:310:H2YCFDRX2:2:2101:18349:1047_1
ANAAAAAAAAAAAAAAAAAAAAAAAAAAAAAAAAAAAAAAAAAAAAAAAAAAAAAAAAAAAAAAAAAAAAAAAAAAAAAA
AAAAAAAAAAAAAAAAAAAAAAAAAAAAAAAAAAAAAAAAAAAAAAAAAAAAAAAAAAAAAAAAAAAAAAA
>A00778:310:H2YCFDRX2:2:2101:18457:1047_1
TNGCGAGCGGCGAGCATTCCCCCGGCAGCGGCGCGGCCCGGCGGCCGCTGCACTCCGCGCAGGCTGTGGACGTGGCCTCG
GCCTCCAACTTCCGGGCCTTTGAGCTGCTGCACTTGCACCTGGACCTGCGGGCTGAGTTCGGGCCTCCAGG
>A00778:310:H2YCFDRX2:2:2101:18728:1047_1
CNGACCAGCGTTATGTATAAGGAGAACTTAGTTAGGATATTTAGAAAGAAAAAGAGAATCTGCCATTCCTTTTCTTCTCT
CTTCAACCTCAGTACCTCCAAATCTTGGCTGCATGGAAGTATCTTTGGTGACATCAACTCTTCTCCAAGTG
>A00778:310:H2YCFDRX2:2:2101:18765:1047_1
GNCATTCCAAATATGAGATGCGTTGTTACAGGAAGTCCCTTGCCATCCTAAAAGCCACCCCACTTCTCTCTAAGGAGAAT
GGCCCAGTCCTCTCCCAAGTCCACACAGGGGAGGTGATAGCATTGCTTTCGTGTAAATTATGTAATGCAAA
>A00778:310:H2YCFDRX2:2:2101:18982:1047_1
ANCAGACCCCGCCCGGGCTGGCTCGGCGCCGGGCCTTCGGGCTTCCACTCAGTCTTTGACCCTCGGTCCTCGCTCAGCGG
CCCGGCAGGCCGCACAACTGTAACCGCTGCCCCGGCCGCCGCCCGCTCCTTCTCGGGCCGGCGGGCACAGA
>A00778:310:H2YCFDRX2:2:2101:19000:1047_1
GNAGAATTCACCAAGCGTTGGATTGTTCACCCACTAATAGGGAACGTGAGCTGGGTTAGACCGTCGTGAGACAGGTTAGT
TTTACCCTACTGATGATGTGTTGTTGCCATGGTAATCCTGCTCAGTACGAGAGGAACCGCAGGTTCAGACA
>A00778:310:H2YCFDRX2:2:2101:19072:1047_1
CNCGCACAGGAGCTGCCCTCGCGACATGGGTCACCCGCCGCTGCTGCCGCTGCAGCTGCTGCTCCACACCAGCGTACCAG
CCTCTTGGGGCCTGCGGTGCATGCAGTGTAAGACCAACGGGGATTGCCGTGTGGAAGAGTGCGCCCAGGGA
>A00778:310:H2YCFDRX2:2:2101:19379:1047_1
GNTCACTGCGAAATAGTAGTCATTCATTTAATCAGTGTGATAATAAAAGGATTTCAAAAGGCAAATACAGAAAGTTATAT
ATTTGTAGATAAAACCTTAGTTCTTTAACAGAGATAACTCATAACACTTACTAAAGACAATATGCACAGTG
>A00778:310:H2YCFDRX2:2:2101:19669:1047_1
CNAAGCTTTGTACTGAGCATGGGAATATAAGAAGACTGTTTCTCTCTAAAACTGTTTTTTTGAATTGGGAAACTGAGTCT
CAGAGATGTAAGTGACTTTTAAGCTTTCCTAGTTATGAAGTATAAAGGGCTTTTGTCTGAGATTAAAGGAG
>A00778:310:H2YCFDRX2:2:2101:19723:1047_1
ANCCAGTGTGTGATGTCCTGTAGGTCAGGAAGTCTTTAAACGAGAGTTAACTGAACAGCGGTGGCGAAAGCTGCTGGTGG
TCAGGTGAGACCTGAGAAAGCGCTGGCTGTAGAGGCCGGGAAGTAGCCTGATTGGAATGGGGTCAAGAGCC
>A00778:310:H2YCFDRX2:2:2101:19777:1047_1
CNGCAAGAACGGCTTCATGGTGTCCCCTATGAAACCGCTGGAAATCAAGACCCAGTGCTCAGGGCCCCGGATGGACCCCA
AAATCTGCCCTGCCGACCCTGCCTTCTTCTCCTTCATCAATAACAGCGACCTGTGGGTGGCCAACATCGAG
>A00778:310:H2YCFDRX2:2:2101:19994:1047_1
GNGGTTGGATTGCTTGAGGCCAGAAGTTCAAGACCAGCCTAGGCAACATGGCGAAACCCTGTCTCTACAAAAAACAAAAA
AAACAAGAGGGTGTGGTGGCACATGCCTGTAGACTTAGCTACTCAGAAGGCTGAGGTAGGGGGATCGCTTG
>A00778:310:H2YCFDRX2:2:2101:20193:1047_1
CNGCCACGACACCATGCTCAAGGCCATGTTCAGTGGGCGCATGGAGGTGCTGACCGACAAAGAAGGCTGGATCCTCATAG
ACCGTTGTGGAAAGCACTTTGGCACCATTTTGAATTACCTCCGAGATGACACCATCACCCTCCCTCAGAAC
>A00778:310:H2YCFDRX2:2:2101:20392:1047_1
CNCCAAATTTTCCTCCCGCAGCCTCTCGGCAGCCTGATCCCGCTGTTCCAGGCCCTTATCCAACTTGGCCTTCAGAGCCT
CGTTCTCCTTCCGAAGCTGCTCACACAGGGTCTGCAGAATGGAGGTGCGCTGCTCATTCTTGTGCACCTTG
>A00778:310:H2YCFDRX2:2:2101:20790:1047_1
GNTGAAACAGAAAGTTGTGTCATAAATGGAACAAATACTGTTTAACAATTTTTTTTTGTCTTAAAAACAGCAAAACCCAC
CATCTTCCTGGAGTCTGCGTTGTTCTCTTCCAGAATAGATGTTGAGCTTTTAAACAAACCTGCAGTAGAAG
>A00778:310:H2YCFDRX2:2:2101:20808:1047_1
ANCCAAGCAAAACTCCCTGGAATCGCCAAAAAAAGGCAGAATAAGTACATGGAAACCAGAAATGCAACAGTTACTAAAAC
ACCATTTAATAGTTATAACGTCGTTACTTGTACTATGAAGGAAAATACTCAGTGTCAGAGATCGGAAGAGC
>A00778:310:H2YCFDRX2:2:2101:20898:1047_1
CNCTCGAAGAGGAATGGACTCCGCCCAGAGGGAAGCCTTGGACGACATTGTCATGCAGGTCATGGAGATGATCAATGCCA
ACGCCAAGACCAGAGGGCGCATCATTGACTTCAAAGAGATCCAGTACGGCTACCGCCGGGTGAACCCCATG
>A00778:310:H2YCFDRX2:2:2101:20916:1047_1
TNGGCGCAGCAGCCCAGCACAGGCGTGCCGCTGGTGACGGGATACACCACCTACGACGCGCACCATTCAGCATTCTCCCA
GATGGTGATCAGCTTCTACTATGGGGGCAAGCTGGTGGGCCAGGCCACCACCACCTGCCCCGAGGGCTGCC
>A00778:310:H2YCFDRX2:2:2101:21097:1047_1
CNCGTCGCCATGGGCTCTCGCTGGAGCAGCGAAGAGGAGAGGCAGCCGCTGCTGGGGCCCGGGCTCGGGCCTGGGCTGGG
GGCCTCCTGGAGAAGCCGGGAGGCGGCGGCGGCGGCGCTGCCCGCGGCGGTCCCGGGTCCCGGGCAGATCG
>A00778:310:H2YCFDRX2:2:2101:21314:1047_1
CNGTGATAATGAAAGCTAAGCCTCGGGCTAATTTCCCCATAGCCGTGGGGTGACTTCCCTGGTCACCAAGGCAGTGCATG
CATGTTGGGGTTTCCTTTACCTTTTCTATAAGTTGTACCAAAACATCCACTTAAGTTCTTTGATTTGTACC
>A00778:310:H2YCFDRX2:2:2101:21549:1047_1
GNATAGGGAAGCAGTAGATTAAAACTAACTTTGTTTGCCCTCTAGAAGCAACTGTGCAATTTACTCTTAAAACTTTGCCC
TTTTCTGCATTATAGTCACTAGTAGTCATATGCTTCAGAGGAGAGAAGGAGTGGCAGTCCCAGGTAGCTCT
>A00778:310:H2YCFDRX2:2:2101:21676:1047_1
GNCCGAGCCGCGACGGGCGAGGGGCGGACGTTCGTGGCGAACGGGACCGTCCTTCTCGCTCCGCCCCGCGGGGGTCCCCT
CGTCTCTCCTCTCCCCGCCCGCCGGCGGTGCGGGTGGGAAGGCGTGGGGTGCGGACCCCGGCCCGACCTCG
>A00778:310:H2YCFDRX2:2:2101:21784:1047_1
GNCAGAGTCTCGCTCTGTTCCCCAGGCTGGAGTGCAGTGGTGCGATCTCGGCTCACTGCAACTTCCACCTCCCAGGTTCG
GGCAGTTCTCCTGCCTCAGCCTCCTGAGCGGCTGGGACTACAGGCGCCCGCCACCACACCCAGCTAACTTT
>A00778:310:H2YCFDRX2:2:2101:21893:1047_1
ANTGGAGGGTGTGTTTGTGCATTCGGAGTAGCTGGTGCCTGGTAGAAAATCAGTGCGGTTTTGGCTTTGGCAGAGCAGCC
CAGGCTCCCTTTGCATTCCCACAAATCGAGGCAGCTCTGCTGTGCTACTATCACAGTTTTGGCGGCTTTGA
>A00778:310:H2YCFDRX2:2:2101:22164:1047_1
GNGAGGCTGAGGTGGGAGGATCGCTTGAGCCCAGGAGTTCTGGGCTGTAGTGCGCTATGCCGATCGGGTGTCCGCACTAA
GTTCGGCATCAATATGGTGACCTCCCGGGAGCGGGGGACCACCAGGTTGCCTAAGGAGGAGATCGGAAGAG
>A00778:310:H2YCFDRX2:2:2101:22182:1047_1
TNTTTTGGAAACCTCTGCGCCATGAGAGCCAAGTGGAGGAAGAAGCGAATGCGCAGGCTGAAGCGCAAAAGAAGAAAGAT
GAGGCAGAGGTCCAAGTAAACCGCTAGCTTGTTGCACCGTGGAGGCCACAGGAGCAGAAACATGGAATGCC
>A00778:310:H2YCFDRX2:2:2101:22290:1047_1
TNCAACTCTCCCCACCTCAACTCAGATGAGGCTGAAGGAAGGAGAGATTCCATTCCTACAATAGCACAAAAAGATTTTCT
GTGACATTTGAAAACAAGAAGAAGCCTACAGGTTTGTTAACCAAATTTTGAACTTGGTCTGGCTCTGAGGG
>A00778:310:H2YCFDRX2:2:2101:22453:1047_1
GNCGCGCGGAGGCGGAGGCTTGGGTGCGTTCAAGATTCAACTTCACCCGTAACCCACCGCCATGGCCGAGGAAGGCATTG
CTGCTGGAGGTGTAATGGACGTTAATACTGCTTTACAAGAGGTTCTGAAGACTGCCCTCATCCACGATGGC
>A00778:310:H2YCFDRX2:2:2101:22598:1047_1
GNGTGGACCACGCCGCCCTCCATCCGTGCTGCATGAAAAACATTCCACGTGCCCCTTGTCGCGCGTCTCCCATCCTGATC
CCAGACCCATTCCTTAGCTATTTATCCCTTTCCTGGTTTCCGAAAGGCAATTATATCTATTATGTATAAGT
>A00778:310:H2YCFDRX2:2:2101:22905:1047_1
GNTCTGTGCAGTAGGGTTTGGATTAAATGTTCTGTTTGGAAAAAAAAAAAACAAAACTCCTTTGAAAAAGGTTGAAGTGA
CAGGATTAGGCCAAACTGGGCAAATGGGCAGAGGAGGGAGGTGTCTTGTCCAGACTGGTTAGGCTACTTGA
>A00778:310:H2YCFDRX2:2:2101:23249:1047_1
GNTACATCTGCGAGGAGCAGGGCCGGGAGAGCAAGGCGGCCTCGGGAGCCTGCATGACCTGTAACCGCCATGGATGTCGA
CAAGCTTTCCACGTCACCTGTGCCCAAATGGCAGGCTTGCTGTGTGAGGAAGAAGTGCTGGAGGTGGACAA
>A00778:310:H2YCFDRX2:2:2101:23267:1047_1
GNGACCATCCAGAACTGGTGCAAGCGGGGCCGCAAGCAGTGCAAGACCCATCCCCACTTTGTGATTCCCTACCGCTGCTT
AGTTGGTGAGTTTGTAAGTGATGCCCTTCTCGTTCCTGACAAGTGCAAATTCTTACACCAGGAGAGGATGG
>A00778:310:H2YCFDRX2:2:2101:23285:1047_1
TNTTTTTTTTCTTTTTTTTTTTTTTTATTTTTTTTTATTTTTTTTTTTTTTTTTTTTTTTTTATTTTTTTTTTTTATTTT
TTTTTTTTTTTTTGTTTTTTTTATATTTAGTTATTTTTTTATTATTTGTTTTTGTTATTTGGGATGTTGTG
>A00778:310:H2YCFDRX2:2:2101:23538:1047_1
CNTTGAACAACTCCGACAAACATATGAGCTTGCTCCTCCCAAACCACCTCTCCCTGAAGGTGAGGTCCCTCCACCTAGGC
CTCCACCACCAGAGGAAAAGCATGAAGAGAACCCTGACAAGAAGGCAGGCGAGTGGATAAACCAGCCAATG
>A00778:310:H2YCFDRX2:2:2101:23556:1047_1
GNACTTAGTGCTAAATTTGGATTCTGAAGTCTGGAAGAGACCTTAAATAGCTGGTCATAGTGTTAAATGCTAAAGGCACA
CGAAGGTTAAAGAAGATAGCGGAGATGGAGTTAGGGCTTGGTAAAGACCGCCAAAGTTTGTTGGGGGGGAA
>A00778:310:H2YCFDRX2:2:2101:23647:1047_1
CNGTGGCGCGTGCCTGTAGTCCCAGCTACTCGGGAGGCTGAGGTGGGAGGATCGCTTGAGCCCAGGAGTTCTGGGCTGTA
GTGCGCTATGCCGATCGGGTGTCCGCACTAAGTTCGGCATCAATATGGTGACCTCCCGGGAGCGGAGGACC
>A00778:310:H2YCFDRX2:2:2101:24135:1047_1
TNTTTTTTTTCTCCCCCTCTTTTTTGTTCTAAAGAAAAGTCATTTTGATGCAAGGTCCTGCCTGCCATCAGATCCGAGGT
GCCTCCTGCAGTGACCCCTTTTCCTGGCATTTCTCTTCCACGCGACGAGGTCTGCCTAGTGAGATCTGCAT
>A00778:310:H2YCFDRX2:2:2101:24388:1047_1
CNCAGAACTAATCATATTTTATATCTTCTTCGAAACCACACTTATCCCCACCTTGGCTATCATCACCCGATGAGGCAACC
AGCCAGAACGCCTGAACGCAGGCACATACTTCCTATTCTACACCCTAGTAGGCTCCCTTCCCCTACTCATC
>A00778:310:H2YCFDRX2:2:2101:24569:1047_1
GNCGAAAACGCCGCTGCTTCACCTTTTTATAGACAGAACGGCGATTGTCCACGGAGCACTTTGATTGGCTCAAGCAAATT
TTGTCCCGATAGCCAATAGGATAGCTCAGCCAGAATCCACTCATTTACATAATCTCGTCTCCCTCGCATTG
>A00778:310:H2YCFDRX2:2:2101:24641:1047_1
CNTGGCGAACGGGACCGTCCTTCTCGCTCCGCCCCGCGGGGGTCCCCTCGTCTCTCCTCTCCCCGCCCACCGGCGGTGCG
TGTGGGAAGGCGTGGGGTGCGGACCCCGGCCCGACCTCGCCGTCCCGCCCGCCGCCTTCTGCGTCGCGGGT
>A00778:310:H2YCFDRX2:2:2101:24731:1047_1
GNGGCTGTCCCGTATCTCAATAAAGAGAATCTGCTCTCTTAAAAAAAAAAAAAAAAAAAAAAAAAAAAAAAAAAAAAAAA
AAAAAAAAAAAAAAAAAAAAAAAAAAAAAAAAAAAAAAAAAAAAAAAAAAAAAAAAAAAAAAAAAAAAAAA
>A00778:310:H2YCFDRX2:2:2101:25093:1047_1
CNCAGGAACGTACGATCAGCAACACTCAGACTGGGGACTGCACCCCAAGCCAGAAAGCCCAGCTCTTCAACAGAGAGAAG
GTAAAAGGAAAGGGATGGAGGGAGAACCTGTGGACCAGGCTTTCTGCCCCTCAGCACTATTGACATTTGGG
>A00778:310:H2YCFDRX2:2:2101:25238:1047_1
CNCTGATCGTTTTTTCACTGACCCGGTGAGGCGGGGGGGCGAGCCCCGAGGGGCTCTCGCTTCTGGCGCCAAGCGCCCGG
CCGCGCGCCGGCCGGGCGCGACCCGCTCCGGGGACAGTGCCAGGTGGGGAGATCGGAAGAGCATACGTCTG
>A00778:310:H2YCFDRX2:2:2101:25346:1047_1
TNATGCAATATCTGGGCTCCCATGAGCTTTGACAGCTCTGCCTCTGTGGCTTTGCAAGGCACAGCCCCCACAGCTGCTAT
CACAGGCTAGGAATGAGTGCCTGTGACTTTTCCAGGCACACTGTGCAAGCTGTCAGAGGATCTACCATTCT
>A00778:310:H2YCFDRX2:2:2101:25455:1047_1
CNTGAATAAAATTGGAAAGACTGGAAAGTTAGGAGAACTGACTAGCTAAACTGCTACAGTATGCAATTTCTATTACAATT
GGTATTACAGGGGGGAAAAGTAAAATTACACTTTACCTGAAAGTGACTTCTTACAGTTAGTGCATTGTGCT
>A00778:310:H2YCFDRX2:2:2101:25491:1047_1
CNCAATACCAGCTACCAGTCCCAGCTCATCAAACCCAGCCGCATGCGCAAGTACCCCAACCGGCCCAGCAAGACGCCCCC
CCACGAACGCCCTTACGCTTGCCCAGTGGAGTCCTGTGATCGCCGCTTCTCCCGCTCCGACGAGCTCACCC
>A00778:310:H2YCFDRX2:2:2101:25545:1047_1
GNCAGGAGGTGGCCCTCACCGGGAGCCTTTCTGGGCCTTTCCCCAAGCCCACTAGGAACCTCAGCCTGCAGGTGGAGCTC
ACCCACCCGCTGCCCCTCCCCCTGCCGCGACACTGCAGCCTCCGCCTGTCCTCAGAGCATTTGGGAGGCAG
>A00778:310:H2YCFDRX2:2:2101:25961:1047_1
CNGTGGTGGTGGCGTGTCGGGTTCGTGGCTGCGGTCGCTGCCGGGGCCCCCGGGGCGGGGCCCCGGGGGGCGCGGGGCGG
GTGTGGGGGGGGGGCGCGGGGCGGCCCGCGTCCCCCGCCGGGCGCCGCGGGGCCGCCCACCGGGGTGTGGG
>A00778:310:H2YCFDRX2:2:2101:26106:1047_1
ANTTACTGGGGCACGTAGCCAACACCTTCTGAGCACTAGGGACCTGGAATGTCACCATCCTGCCTTGGCCCAGGCCACAG
GGTGGTAGCCGGTCCAGGGAACTGGAGGCTACATTTTTTTGTCTTACAGTAGGATGGTCCTTTTGGCAGAG
>A00778:310:H2YCFDRX2:2:2101:26178:1047_1
CNTACTTTGTGATCTATACATCTCTTTTTAGCAAGAGAGGCTAGAGCATAAAGTTTGCTATGAATATTTCCTTTACTCAT
CCTTCAATTTATCATGTGCCAGGGAGATCGGAAGAGCACACGTCTGAACTCCAGTCACTACCGCTAAGTCA
>A00778:310:H2YCFDRX2:2:2101:26341:1047_1
CNAAGGTCCTTCCTCTAGGCCTCAGAAATGCCTTCCCGGGCCCCCAGGCACCCCGTGCTGCTCCTATCAACCCTTCCTTC
ACCCCATTCCTGGGAAGCTCTGGGGTTCCACACCCTCCGATCCTATCCTTGCTCCGATGGTGCCCCTGAGC
>A00778:310:H2YCFDRX2:2:2101:26521:1047_1
GNGAGCTCGTCGGTGTGGGGTTCGAGGCGGTTTGAGTGAGACGAGACGAGACGCGCCCCTCCCACGCGGGGAAGGGCGCC
CGCCTGCTCTCGGTGAGCGCACGTCCCGTGCTCCCCTCTGGTGGGTGCGCGCGGGCCGTGTGAGCGATCGC
>A00778:310:H2YCFDRX2:2:2101:26612:1047_1
GNCGCTACTTCCCCTATCATAGAAGAGCTTATCACCTTTCATGATCACGCCCTCATAATCATTTTCCTTATCTGCTTCCT
AGTCCTGTATGCCCTTTTCCTAACACTCACAACAAAACTAACTAATACTAACATCTCAGACGCTCAGGAAA
>A00778:310:H2YCFDRX2:2:2101:26630:1047_1
GNTACCCGCATAGCCGCCTCTTCGACCAGGCCTTCGGGCTGCCCCGGCTGCCGGAGGAGTGGTCGCAGTGGTTAGGCGGC
AGCAGCTGGCCAGGCTACGTGCGCCCCCTGCCCCCCGCCGCCATCGAGAGCCCCGCAGTGGCCGCGCCCGC
>A00778:310:H2YCFDRX2:2:2101:26684:1047_1
CNGCATCAGTGGCGCCCCCCACCATCCCCTCTGCTACTCCAGCTACGGCTCCTCCAGCTACTTCCCCAGCTCAGGAGGAG
GAAATGGAAGAAGAAGAAGAAGAGGAAGAAGGAGAAGCAGGAGAAGCAGGAGATCGGAAGAGCACACGTCT
>A00778:310:H2YCFDRX2:2:2101:26702:1047_1
CNTGCGTCGTGATGTAATGCCAATATTTTCACCTTTTAACAAAGAGTGAACAACATCATCTAGAAAGGTCATTTGAACCA
TAGAAGGATCGACATTCTGTGGTTCTAGTACCTGATCATTCATAACGATCATGGTGCGGGTGAAGAGATCA
>A00778:310:H2YCFDRX2:2:2101:26901:1047_1
CNGATAGATTTGGCTTTTTACATGAGGAGGAGCTCCCAGATCATAATGTGGCTGTGGAACGGCAAAAGCACCTGGAAATT
GAAAGAACTACCAAATGGCTGAAAATGCTGAAAGGATGGGAAAAATACAAGAACACTGAAAAGTTTCATAG
>A00778:310:H2YCFDRX2:2:2101:26919:1047_1
GNCCCAGAAGGGACTGAGCTAAACAGTGTTATTATGGGAAAGGAAATGGCATTGCTGCTTTCAACCAGCGACTAATGCAA
TCCATTCCTCTCTTGTTTATAGTAATCTAAGGGTTGAGCAGTTAAAACGGCTTCAGGATAGAAAGCTGTTT
>A00778:310:H2YCFDRX2:2:2101:27733:1047_1
TNTTTTTTTTCATATGGTTGTTATAGACTTATAAATTCCAAGTGGACAGAGATTGTGACGTTTCTTTGTCATTCACATGA
GCAGAACACTCAATAAGTATCCAGTGATATTCATGAAAGTAATGTGAGTGATCAGATTTGTGAGATCGGAA
>A00778:310:H2YCFDRX2:2:2101:28058:1047_1
GNCACAAAAAAAGGCACATAGGGAATTATGTCAAATGTGTTTGTGTCCTTAGGCAAAGCTGTGGGAGTCTTGAAATGTCA
CAGTAGTAAATAACTTATTACTTTTTGACAAGTTCTTTTTTTCTGTTGGGACACTGAATTCTTCTGTGCAT
>A00778:310:H2YCFDRX2:2:2101:28113:1047_1
ANAGGACCTTCCACGTGGATTCTCCAGACGAGAGGGAGGAGTGGATGCGGGCCATCCAGATGGTCGCCAACAGCCTCAAG
CAGCGGGCCCCAGGCGAGGACCCCATGGACTACAAGTGTGGCTCCCCCAGTGACTCCTCCACGACTGAGGA
>A00778:310:H2YCFDRX2:2:2101:28330:1047_1
GNATTCCCGGCGTTTCCACAAGACTCTAAGGCGCTTGGTGCCAGACTCCGATGTGCGCTTCCTCCTCTCGGAGAGTGGCA
GCGGCAAGGGGGCTGCCATGGTGACGGCGGTGGCCTACCGCTTGGCCGAGCAGCACCGGCAGATAGAGGAG
>A00778:310:H2YCFDRX2:2:2101:28456:1047_1
GNCTGTTCTCGAGTCCGCGCCTTTCGTCACCGCCATGTCGGGAGGTGGTGTGATTCGTGGCCCCGCAGGGAACAACGATT
GCCGCATCTACGTGGGTAACTTACCTCCAGACATCCGAACCAAGGACATTGAGGACGTGTTCTACAAATAC
>A00778:310:H2YCFDRX2:2:2101:28727:1047_1
TNAGAAAGCAGTAAGTCAGTTTCATTCATTCACTCAACCGATGATGTTCAAATACCACCATCATCCGTGGGCTAAAGGAT
GAAGAGCCATCCCTCCCTGAGAGTCAGGAAGCACTTCCCAGATAAAGTTTGGAGTGTGAGCTGAGGTGTAG
>A00778:310:H2YCFDRX2:2:2101:28782:1047_1
GNTCTGGCTTCTCCAACCCACGCGACTTGTGTGTCTTTTCCCTTTCTCAGCCAAGACGATGAAGCAGTCCTGATGCGCAG
GGTGCAGGGGCCTCGGCCAGTCCCCGCACACCTTCCAAGTCCAAAGAAGTTCCTGGCCTCCTGCTTGGTAG
>A00778:310:H2YCFDRX2:2:2101:28854:1047_1
ANATTAGTTTTTTTCTACTTGTAGAAATAAAAAGTGAAGATAGGCCTCCATATATTCTAGACATGCATGACATACCTTTC
AGAGTCGGCTTCAGCAGTCTGACACCTCCTGTTCGTCCTAGCTGAAACTGTCACTTTTCTCTGTCCTTGAA
>A00778:310:H2YCFDRX2:2:2101:28908:1047_1
GNGGCTGCATATGGGGGTGAGAGGCTAGGTCTGGAGTCCTGGGCCTCCTGGAGAACTGGGCATGGTAGTCGAATCCAGGA
GGTGGAGTCCGGGGAGGCATCCTGAGCAGTGGAGAGGTACGCCCTTGTTCCCTCCTAGGGGCCCAGGACAT
>A00778:310:H2YCFDRX2:2:2101:28926:1047_1
CNGTGAGAAAAGCCTTCTCTAGCGATCTGAGAGGCGTGCCTTGGGGGTACCGGATCCCCCGGGCCGCCGCCTCTGTCTCT
GCCTCCGTTATGGTAGCGCTGCCGTAGCGACCTGCTCGCAGAGGACAGATCGGAAGAGCACACGTCTGAAC
>A00778:310:H2YCFDRX2:2:2101:29017:1047_1
CNAAACACAAGGGAAAACTTTCTTTGGTTGCTTATTAGTTTTTGATACAATCTGTTAACTGAATATGTGATATATTGTAT
AATGCTGTATTTCCTAAAATCCAGTCTTGCACATTTTAAAAAAATGTTCAAATGATACCTTTACACCCATA
>A00778:310:H2YCFDRX2:2:2101:29035:1047_1
CNCCGCCGCCCGCGAAGACGGAGAGGGAAAGAGAGAGCCGGCTCGGGCCGAGTTCCCGTGGCCGCCGCCTGCGGTCCGGG
TTCCTCCCTCGGGGGGCTCCCTCGCGCCGCGCGCGGCTCGGGGGTCGGGGTTCGTCGGCCCCGGCCGGGTG
>A00778:310:H2YCFDRX2:2:2101:29053:1047_1
GNAAGTCCTGTGATTGGCCAGATCTCTGGAGCTTGCCGACGCGGTGTGAGGACGCTCCCACGGAGGCCGGAATTGGCTGT
GAAAGGACTGAGGCAGCCATCTGGGGGTAGCGGGCACTCTTATCAGAGCGGCTGGAGCCGGACCATCGTCC
>A00778:310:H2YCFDRX2:2:2101:29360:1047_1
GNAGATGAGGAGGGAGTAGAATGTAAATGCAGCTCAGGTAACAAGTTCAAGTCAGCCAGAACTGCCTCCTGAAAACGCAC
ACCCAGGGCCAGAGCCTGCCCCCAGCCCCTACCCAGAGATTAGTGGAAACAGGTAGGAACTGACTCCAGTG
>A00778:310:H2YCFDRX2:2:2101:29686:1047_1
CNCGGCGGCGCCGCCGCCGCCGCGCGCTTCCCTCCGCACACCCACCCCCCCACCGCGACGCGGCGCGTGCGCGGGCGGGG
CCCGCGTGCCCGTTCGTTCGCTCGCTCGTTCGTTCGCCGCCCGGCCCCGCCGGCCGCGAGAGCCGGAGGAC
>A00778:310:H2YCFDRX2:2:2101:29957:1047_1
GNGAAAAATCAGACAATGGTCACAGAGTTCCTCCTACTGGGATTTCTCCTGGGCCCAAGGATTCAGATGCTCCTCTTTGG
GCTCTTCTCCCTGTTCTATGTCTTCACCCTGCTGGGGAATGGGACCATCCTGGGGCTCATCTCACTGGACT
>A00778:310:H2YCFDRX2:2:2101:30156:1047_1
CNAATGCTAAGGTCACTCCACCCCCACGACGCCAGAATGAAGAGGTGTCTATCTCATTGGATTTTACTTATCCCTCATTG
GAAGAATCAATTCCTTCTAAACCTGCTGCCCAGACGCCACCTGCATCTATAGAAGTAGATGAAAATATAGA
>A00778:310:H2YCFDRX2:2:2101:30174:1047_1
GNCTCGCGAGGCGGTTCTCGGTAGGGGCCGAGGGCCGTCCGGCGTCCCAGGCGGGGCGCCGCGGGACCGCCCTCGTGTCT
GTGGCGGTGGGATCCCGCGGCCGTGTTTTACTGGTGGCCCGGCCGAGCCTGAGGTTTCTCCCGGAGCCGCC
>A00778:310:H2YCFDRX2:2:2101:30282:1047_1
CNCAGGTGCCCGAGGCCGAACGGTGGTGTGTCGTTCCCGCCCCCGGCGCCCCCTCCTCCGGTCGCCGCCGCGGTGTCCGC
GCGTGGGTCCTGAGGGAGCTCGTCGGTGTGGGGTTCGAGGCGGTTTGAGTGAGACGAGACGAGACGCGCCC
>A00778:310:H2YCFDRX2:2:2101:30373:1047_1
ANGTCAAAGCTCAAAGAGCAGCTAACCAAGGTCAAAGAATGTTACTCCCCACTCCTTTATGAGTCTCAGCAGCTGTTGAT
TCCGTTGGAGGAATTAGAAAAGCAGATGACGTCCTTTTATGACTCACTTGGGAAAATCAATGAAATTATCA
>A00778:310:H2YCFDRX2:2:2101:30752:1047_1
CNCCTCGGCCTCCAACGCCGCCTGCAGCCGCTCAGCAAGCTCGGCCTTGAGGCCTCGAGTGTCCAGGCCGCGGCGCTGCA
GCTCCTCGCGAGGTTCGTTCACCTTCAGACGGCGCACATCCATGGCCCGGGCCCCCGGGGTGGCCCCCGAG
>A00778:310:H2YCFDRX2:2:2101:31060:1047_1
GNACATAACATTGAATATGCATCAATTTGTGGATGTGCGGGTGGACCTGAAGATAAATTTCCGGAATCAGAATTACCAGG
TCGGAGTATATGTGTTTGTATTTACATAATGCTTGAGCTTCTGTGATGATAATCACTCTATGAAACATAAA
>A00778:310:H2YCFDRX2:2:2101:31494:1047_1
CNAGAATCCGAGGCCCATATTCCCCTACCACCAGCTCCTGAAGGCTGCCCCTGGAGCTGTCGCCTCCTGGGCATTGGAGG
CCACTTTTCCCCACAGGGCAAGCTCACACTGCCCGAGGAGCACCCGTGCTTAAAGGCTCCACGCCTCAGAT
>A00778:310:H2YCFDRX2:2:2101:31656:1047_1
TNGATAAAGACAGAACATAGTCTTTTCCTACAGCCCCAGCCCCAGCCTGTGGACCATCCTGGGGGATGGGGCCTGGCGGG
GAGCTGGAACCAGGTCCCATTCTCTTTGGGACGTCCTGTGAGACCAAGGACGGGACCTTTTGCATCTAGTG
>A00778:310:H2YCFDRX2:2:2101:31873:1047_1
GNACTTCGAGTCTCCCTTCACCATTTCCGACGGCATCTACGGCTCAACATTTTTTGTAGCCACAGGCTTCCACGGACTTC
ACGTCATTATTGGCTCAACTTTCCTCACTATCTGCTTCATCCGCCAACTAATATTTCACTTTACATCCAAA
>A00778:310:H2YCFDRX2:2:2101:32072:1047_1
GNTAACTCAGCCTTTGTGGAACGTCTTCGGAAACATGGCTTAGAAGTGATCTATATGATTGAGCCCATTGATGAGTACTG
TGTCCAACAGCTGAAGGAATTTGAGGGGAAGACTTTAGTGTCAGTCACCAAAGAAGGCCTGGAACTTCCAG
>A00778:310:H2YCFDRX2:2:2101:32199:1047_1
GNATGCTCTCCAGCTTCCTGTCCGAGGACGTATTCAAGCAGGGCCTGGCGTCCTACCTCCACACCTTTGCCTACCAGAAC
ACCATCTACCTGAACCTGTGGGACCACCTGCAGGAGGTCAGTAGCAGCCAGCCCCTCCACAGCCATCCTGT
>A00778:310:H2YCFDRX2:2:2101:32307:1047_1
TNCATAGGTTATTTGCAGCAAATGCCATGCCATTTTATAATAGTGTAGGCTCATAGCTAATAAAGCATGAACCCGACTGA
AGCTGCCTGGGTATGTGTCTTTGTTCAGCCACTTTCTGGTAGTATCTTTTTTCTTAACCTCAGTATTCTTA
>A00778:310:H2YCFDRX2:2:2101:32325:1047_1
CNCGAGGCCATGAGCAGATATACCAGCCCAGTGAACCCAGCTGTCTTCCCCCATCTGACCGTGGTGCGTTTGGCCATTGG
CATGTTCTTCACCGCCTGGTTCTTCGTTTACGAGGTCACCTCTACCAAGTACACTCGTGATATCTATAAAG
>A00778:310:H2YCFDRX2:2:2101:32344:1047_1
ANACTGTGATGAGGATGTGGAGGATCCTGCATGATGAGTCCCAAGGAGAGGAAAGCAGAAAGAGACCTCAAACCACAGCC
TCTCCCCACTCCTAGGTCCTGTACATCCAGGCCTTTGTCCTTGTCTACCTGCTGGGCAAGGTGATGGGCAA
>A00778:310:H2YCFDRX2:2:2101:32362:1047_1
CNCTATCTTTAGATTTCAAACCTTAGGCTTACAGCCCCTCAATATCTCTCTGCTAACACCAGTGTCTCTTTCTAGTTAGG
CCTCTAATCTTCTGTTTCTGTTTACCAGCTTCCCAGCAACTTTCCTTTTTTAAAATATTAAAAATTTAATT
>A00778:310:H2YCFDRX2:2:2101:32524:1047_1
ANCTCACAGGCAGGCTAAACAAGTGTGGGGTGATCAGCCCCAGATTTGACGTGCAACTCAAAGACCTGGAAAAATGGCAG
AATAATCTGCTTCCATCCCGCCAGTTTGGTTTCATTGTACTGACAACCTCAGCTGGCATCATGGACCATGA
>A00778:310:H2YCFDRX2:2:2101:32633:1047_1
GNTCTTCCTGCCAGCTGCACAGACAAAAATTAATTCACTGAGACAATGGCTTGAAGTAAAGAGTTTAATTGATGTGAGAC
CAGCCCACATGGGAGAACTGGACTTATCACTCAAATCAGTCTCCCCAAAGGCTCAGAGGCTATGGTTTTTC
>A00778:310:H2YCFDRX2:2:2101:32777:1047_1
GNTCCACCCCTTCCACGTCATCCGCATCAACAAGATGTTGTCCTGTGCTGGGGCTGACAGGCTCCAAACAGGCATGCGAG
GTGCCTTTGGAAAGCCCCAGGGCACTGTGGCCAGGGTTCACATTGGCCAAGTTATCATGTCCATCCGCACC
>A00778:310:H2YCFDRX2:2:2101:32868:1047_1
GNAATGATTTCTGGTTAAACCAGTGACTGACATAGCAAGAATTGAGTCCTGTTCTTTCTCACTGGACCTAGTTACCAGAG
GAGTTTGTAGTGAAGTGTTTATAAATGTGTAATTCCATTTTCGTTTTGTGTGTTTGTGTGGGAAAGAGAGA
>A00778:310:H2YCFDRX2:2:2101:1090:1063_1
GGATGTCCTTTGAGGCTGGGAGAAAGCATAGGTATCAGGGTGATGGGAAAGGGAAGGGCAAGCAGCAGGGACAGGAAAGG
AAAGGGCTGCAGAAAGCTGTGGTAGAAGTGGAAGAGAGCCCGAGAGTCAGGGTCCTGGCCCAGGAGTTCTT
>A00778:310:H2YCFDRX2:2:2101:1380:1063_1
CGAGAGACTGCTTGCTGCGGCAGAGACGCCAGGGGTGCAGCTCCAGCAGCAATGGCAGTGACGGCGTTGGCGGCGCGGAC
GTGGCTTGGCGTGTGGGGCGTGAGGACCATGCAAGCCCGAGGCTTCGGCTCGGATCAGTCCGAGAATGTCG
>A00778:310:H2YCFDRX2:2:2101:1470:1063_1
TGCCTCCATTCACCAGCCTCAGGGCCAAACTGGATTCAGATCCTGCTGTTGATGCATGTGAGGTTGGCCAAGTGTCTGGG
CTGGGTGTCGGCTGGGACTGGGAAGCTGAGCAGATGACACCAGCGTCTTCATGATGGCCACAGTTGTGGGA
>A00778:310:H2YCFDRX2:2:2101:1597:1063_1
AAAGAGATGAAGTTGATCGAGCTGTGATATTGTTTAAACCAATGGTATCAGAGCCAATTCATATACACAGGAAGTCTCCA
CTTCCAAGATCTAGGAAGACGGCTACAAATGATGTTGTATCTGAAAATGCTAATTACCTGAGAACACCAAG
>A00778:310:H2YCFDRX2:2:2101:1615:1063_1
GCACGAGGTAGAACTAACATTGAACTTAGAGAGAAATTCATCCTACCAGAGGGAGCATCCCAGGGAATGACCCCCTTCCG
CTCACGGGGTCGAAGGTCCAAACCATCTTCCCGGGCAGCTTCCCCTACTCGTTCCAGCTCCAGTGCTAGTC
>A00778:310:H2YCFDRX2:2:2101:2139:1063_1
TTTTTTTTGTATGTTTTTTTTCTGCTGGAAACAGACTCGATTCATATTGAATATAATATATTTGTGTATTTAACAGGGAG
GGGAAGAGGGGGCGATCGCGGCGGAGCTGGCCCCGCCGCCTGGTACTCAAGCCCGCGGGGACATTGGGGAG
>A00778:310:H2YCFDRX2:2:2101:2157:1063_1
TTTTTTTTCTGTTAGTTATTTCTCCAGGGGAAAAGGCAATAATTTTCTAAGACCCGTGTGAATGTGAAGAAAAGCAGTAT
GTTACTGGTTGTTGTTGTTGTTCTTGTTTTTTATAGTGTAAAATAAAAATAGTAAAAGGAGAAAAAAAAAG
>A00778:310:H2YCFDRX2:2:2101:2410:1063_1
CTGACACATGCAGATATGTCTTATGGGCTTAGCAGGCCTGGACAGAGGCAGGGATTGAGCACGAGGTTGGCGAATGTCTG
ACTCCCCACAGGCGAAGAAGGAAGAAGGCTGAAGGAGCCACGCTCACAGCAGGACAGGAAGGCTGTGGGTG
>A00778:310:H2YCFDRX2:2:2101:2501:1063_1
CTGCAACCTCCGCCTCCCAGGCTCAAGCGGTCCTCCCACTTCAGCCTCCTGAGTTAGCTGGGATTACAGGTGCGAGCCAC
CATGCCTGGCTAATTTTTGTGTTTATTTATTTTTTTGTAGAGATAGTATTTTGCCATGTCGCCCATACTGG
>A00778:310:H2YCFDRX2:2:2101:2609:1063_1
CGCGGTGGCGCGTGCCTGTAGTCCCAGCTACTCGGGAGGCTGAGGGGGGAGGATCGCTTGAGCCCAGGAGTTCTGGGCTG
TAGTGCGCTATGCCGATCGGGTGTCCGCACTAAGTTCGGCATCCAAATGGTGACCTCCCGGGAGCGGGGGC
>A00778:310:H2YCFDRX2:2:2101:3079:1063_1
GACTGCCTCTGCTGGAGCACCCTTGCCTACCTGGTGCCTGGCCCCCCTGGCTCCCTGATGGTGGGCGGGCTGACTGAGTC
TTTCATCATGACACAGAACTGGCTGGAGGAGCTGGTGGGGCGACTGCGCTGGGGCCCTGCCCCTCTGCTGA
>A00778:310:H2YCFDRX2:2:2101:3278:1063_1
CCACCACAGGTGGACCTTGGCTGGCAGCCAGTGCCCGCTGCCTGCTGCCCCGTTATCTTCCCACCCTGCACCAGGCCCTA
CGATCCACCTTGGCTCAAGACAGGAGACCGAAAGGGCTAGGGCCCGTCTGAGTCTCCTCCGGGACTCTGGG
>A00778:310:H2YCFDRX2:2:2101:3531:1063_1
CCCAGAGCTAGTACCCGAAAGGCAGGAGTGGGGGGTTGCAGGGAAGAAAAGCCATGGGTTGTAGGATATTTGGGGCCAAT
ATAAACTTCCAAATTCAAAAACAAAAACTAGCTAGGCTCGGTGGCTCACTCCTGTAATCCCAGCACTTTGG
>A00778:310:H2YCFDRX2:2:2101:3875:1063_1
CCAGGAAAGAGCTGATGAGGCTACAACCCAGAAGCAGTCTGGGGAAGACAACCAGGACCTTGCTATCTCCTTTGCAGGAA
ATGGACTCTCTGCTCTTATAACATCAGGTTCTCAGGCAAGAGCCACCTGCTATTGCCGAACTGGCCGATGT
>A00778:310:H2YCFDRX2:2:2101:4074:1063_1
GCTGCACGTCTCGCGGATCATGCTAAAAAATGTAGAAGATTTCACTGGACCTAGAGAAAGAAGTGATCTGGGATTTATCA
CATTTGATATAACTGCTGATCTAGAGAATATATCTGATTGGAATGTTAAGCAGTTGTTTCTTTATTTATCA
>A00778:310:H2YCFDRX2:2:2101:4146:1063_1
GTAGGTAGTCGTTGACAATTATAAACAGAGTGACAGCACATTTGAAAAAACTACTGCTGTAGTTGCTCTATGAAGAACTG
ATGCGAGAGGAGGAGAGACCAGAGAGAGGAGGGCAGCCCTAGGGGAGAGCTATTGGTGACTTGGACTTTTT
>A00778:310:H2YCFDRX2:2:2101:4598:1063_1
TGTGATGGGAGGGATGACCTCAAAGATTTCTGAAATGTCTTTGAGGTCTTTTCCCCATTGTTCTATTAGCACCTCATTCC
CTTTTATCCATGGTAATCTCTCTAGCAAGTGGTTGCTCCATATCGCCCTTGGATTCCTCACCTGAAAACAT
>A00778:310:H2YCFDRX2:2:2101:4779:1063_1
CGCGTGCGCCGGCCGGCCGCCGAGGGGCTGCCGTTCTGCCTCCGACCGGTCGTGTGTGGGTTGACTTCGGAGGCGCTCTG
CCTCGGAAGGAAGGAGGTGGGGGAGATCGGAAGAGCACACGTCTGAACTCCAGTCACTACCGCTAAGGATA
>A00778:310:H2YCFDRX2:2:2101:4960:1063_1
CTTCATAATGGTGCCTTACGCAAGCGATCCCTTCTGTGGGGGTCTCATACAGGGGTGTGGGCGATGCATGCTTTATTAAG
GCTCTTGTTTCACCTGGCAGTGTACTGTATCAACGTATAATACAGAAAAAAAATCTCTTTAAGGTCCTCCT
>A00778:310:H2YCFDRX2:2:2101:5050:1063_1
CAGCCCATGACCCCTAACAGGGGCCATCTCAGCCCTCCTAATGACCTCCGGCCTAGCCATGTGATTTCACTTCCACTCCA
TAACGCACATCATACTAGGCCTACTAACCAACACACTAACCAATGACCAATGATGGCGCGATGTAACACGA
>A00778:310:H2YCFDRX2:2:2101:5141:1063_1
CTCCAGCGGTTGCCTTTTTTATCATTTCTACTGAAGTTGGGAAATTCAACCCCAGAAATTGACAGATGAAAGGAGACAAT
GGTTGTGTAGGGAGATGGAGAAAATGCTTAATCTGAGGATGAGACAGGGTTTTTTCATTTTTGTGGGGGCT
>A00778:310:H2YCFDRX2:2:2101:5213:1063_1
ACAATTCAGACTTTACTAAAGCACAGTTAGACCCAAGGCCTATGCTGAGGTCTAAACCTCTGAAAAAAGTATAGTATCGA
GTACCCGTTCCCTCCCAGAGGTGGGAGTAACTGCTGGTAGTGCCTTCTTTGGTTGTGTTGCTCAGTGTGTA
>A00778:310:H2YCFDRX2:2:2101:5321:1063_1
CCCAGCTACTCGGGAGGCTGAGGCTGGAGGATCGCTTGAGTCCAGGAGTTCTGGGCTGTAGTGCGCTATGCCGATCGGGT
GTCCGCACTAAGTTCGGCATCAATATGGTGACCTCCCGGGAGCGGGGGACCACCAGGTTGCCTAAGGAGGG
>A00778:310:H2YCFDRX2:2:2101:5484:1063_1
TCTGGCTTTCTTCAAACACACATTGAGGCCTGTCAACCTGCGAAGCACTCACTAGATACTATCCATGCCAATATGCACTT
GGAAGAAGGGGAACAAATGCGGCCACAGCATTACAGTGTGGTAGATGCTGTGGTTGCTTGTAATTGTGCAT
>A00778:310:H2YCFDRX2:2:2101:5719:1063_1
TTTAGTCTCTAGATGTATATTTTGGAATGCTATACTTGGCATAACATAGATTAAAATCATAATGCATGACTAAAAACTCC
TTGGATTTATTTCCCATTTTAAAATTTTTAGCGGTAAGTTCAGATTTATAATCTTTCTCTAGACTTCCATG
>A00778:310:H2YCFDRX2:2:2101:5900:1063_1
GCGTTTAGAGGTTTTCGTTTTGCTACTGGGTGTTTTAAAAATTTTAAAGGACGTTAACCTTATGAATTTGAGGAAGTTTT
GTATATAGTTCATATTTCGAATTCCTTTTGAAAAGTGAGGCTATCTACTAATTCTGCCATGGCAACAATAA
>A00778:310:H2YCFDRX2:2:2101:5918:1063_1
AGTTGAGAGAGCTCAGGTTAGCTGGGGCTGGAGGAGAAAACACTGGCTGTGCAGAACTTGACTGGGTGGAGGGGGAAGGG
CCGGGGGTGGCCAGAGGCGGCTTCTGTTGCACAGAGGTCCGGCTTGCTCGCCAGACAAAGAGCCCTCAGAA
>A00778:310:H2YCFDRX2:2:2101:5954:1063_1
GCCCGCGCGCCCAGGACGCCTCCTCCCGCTGCTGGCCCGGCCGGCGGCCCTGACTGCGCTGCTGCTGCTGCTGCTGGGCC
ATGGCGGCGGCGGGCGCGGGGGGGCCCCGGGCCCCGGGGCGGCCGCGGGGGGGGCCGCCGCCAGCGGAAGA
>A00778:310:H2YCFDRX2:2:2101:6244:1063_1
GTTAACTTTAGCCGAACCGTCAGTGTCCAGCGCATCACAAAATGGAATGTCAGTTGAGTGCAGGTGACAGCAGGACTTGC
TAAAGCACTTTGCACTTAATGGCTGTTGAGGGCCACTTTTTTTATACTGCACAGTGGCACAAAAAAATATC
>A00778:310:H2YCFDRX2:2:2101:6334:1063_1
GAAAGAGTGAATGGATGAATGAATAATTGGTTTAATGCCTAGTTATGCAACTTGAGTGCTTTTTTTTTTTGCAGAATAAT
TTTAAGTGTATATATTTTAACTGCACTGGTACATTGAACATGTCAGTGTCGATGCCACTGGACCAACAGAG
>A00778:310:H2YCFDRX2:2:2101:6641:1063_1
TCCGCTGTGCCTCTCATTCCAAGGGCAGGAAGATGTGACTCAGCCATGACACGTGGTTCTGGTGGGATGCACAGTCACTC
CACATCCACCACTGAAGGAAAGGAAAAAAGGGCAGAGACTTGACACTCCAGTCTTAGACAGGGGACACTTT
>A00778:310:H2YCFDRX2:2:2101:7003:1063_1
GGATTCCCGTCGCCTCCGCCGCGCCGCTCCGCGCCGCCGGGCACGGCCCCGCTCGCTCTCCCCGGCCTTCCCGCTAGGGC
GTCTCGAGGGTCGGGGGCCGGACGCCGGTCCCCACCCCCCCCACCTCCTACCCCCCCCCCCCCAACAGGTA
>A00778:310:H2YCFDRX2:2:2101:7148:1063_1
GGTGGTGTGTCGTTCCCGCCCCCGGCGCCCCCTCCTCCGGTCGCCGCCGCGGTGTCCGCGCGTGGGTCCTGAGGGAGCTC
GTCGGTGTGGGGTTCGAGGCGGTTTGAGTGAGACGAGACGAGACGCGCCCCTCCCACGCGGGGAAGGGCGC
>A00778:310:H2YCFDRX2:2:2101:7238:1063_1
CTCCAGTGGTTGTCGACTTGCGGGCGGCCCCCCTCCGCGGCGGTGGGGGTGCCGTCCCGCCGGCCCGGCGTGCTGCCCTC
TCGGGGGGTTTGCGCGAGCGTCGGCTCCGCCTGGGCCCATGCGGTGCTCCAGGAGCGCTCCGGGTTGTCCC
>A00778:310:H2YCFDRX2:2:2101:7256:1063_1
GTGAGGATAAGGAAGATGATTCAGAAGCAGCCTTGGGAGAAGCTGAGTCAGACCCACATCCCTCCCACCCGGACCAGAGG
GCCCACTTCAGGGGCTGGGGATATCGACCTGGAAAAGAGACAGAGGAAGAGGAAGTTGCTGAGGACTGGGG
>A00778:310:H2YCFDRX2:2:2101:7292:1063_1
TACAAATTGCTGCTTGTCCAAATCAGGATCCACTGCAAGGAACAACAGGCCTTATTCCACTGCTGGGGATTGATGTGTGG
GAGCACGCTTACTACCTTCAGTATAAAAATGTCAGGCCTGATTACCTAAAAGCTATTTGGAATGTAATCAA
>A00778:310:H2YCFDRX2:2:2101:7437:1063_1
GACCCCAGAGGGGGGCCCAGCACCACCCCCATACTCAGAGGTGTGACCCTCGCCAGGCCCCAGCCCCAGTGCTGGGAGGG
GTGAAGCTGCCTCATAATCTGCTTTTTTGCTTTGGTGGCCCCTGTGGCCTGGGTGGGCCCTCCCCCCCCAC
>A00778:310:H2YCFDRX2:2:2101:7473:1063_1
TTTTTTTTTTTTTTTTTTTTTTTTTTTTTTTTTTTTTTTTTTTTTTTTTTTTTTTTTTTTTTTTTTTTTTTTTTTTTTTT
GTTGTGTTTTTTTGTGGGTTGGTGTTTTTGTGGTTGTGGGGTGGGGGGGGGGGGGGGTGTTGTGGGGGGGG
>A00778:310:H2YCFDRX2:2:2101:7545:1063_1
ACCCGCGCCCCCGCCCCGGCGACGGGGGGGGTGCCGCGCGCGGGTCGGGGGGCGGGGCGGACTGTCCCCGGTGCGCCCCG
GGCGGGTCGCGCCGTCGGGCCCGGGGGAGAAGATCGGAAGAGCACACGTCTGAACTCCAGTCACTACCGCT
>A00778:310:H2YCFDRX2:2:2101:7636:1063_1
CGGCAGAAGAAAAGGCCATGACTGTAAGGCTTCCCCAGCCACATGGAACTGTAAGTCCAATTAAACCTCTTTCTTTTGTA
AATTGCGCAGTCTTGGGTATGTTTTTATCAGCAGTATGAAAATGGGCTAATACAGAAACGTGACAACGAAA
>A00778:310:H2YCFDRX2:2:2101:7943:1063_1
TATCTTCCTAGCAAGAAACAGTCTGTCATTTTACTTACACGATGTCTAACCAAACCATAACTTTACATAAACTAGTCGTT
TCGGTTAAATAGAAAAATGTGTGAATGCCATAAAAACAAAAATTCTCAGTTAAATGATACTGGGAAATAGG
>A00778:310:H2YCFDRX2:2:2101:7961:1063_1
TGTTAACAGAGGCAATAATGCATGACTGTGTGGTCAAACTGCTGAAGAACCATGATGAAGAGTCCCTTGAGTGCCTTTGT
CGTCTGCTCACCACCATTGGCAAAGACCTGGACTTTGAAAAAGCCAAGCCCCGAATGGATCAGTATTTCAA
